ARM Linker, 5.03 [Build 76] [MDK-ARM Standard]

==============================================================================

Section Cross References

    system_stm32f10x.o(.text) refers to system_stm32f10x.o(.data) for SystemCoreClock
    startup_stm32f10x_hd.o(RESET) refers to startup_stm32f10x_hd.o(STACK) for __initial_sp
    startup_stm32f10x_hd.o(RESET) refers to startup_stm32f10x_hd.o(.text) for Reset_Handler
    startup_stm32f10x_hd.o(RESET) refers to stm32f10x_it.o(.text) for NMI_Handler
    startup_stm32f10x_hd.o(RESET) refers to tim_pwm_in.o(.text) for TIM4_IRQHandler
    startup_stm32f10x_hd.o(.text) refers to system_stm32f10x.o(.text) for SystemInit
    startup_stm32f10x_hd.o(.text) refers to entry.o(.ARM.Collect$$$$00000000) for __main
    stm32f10x_adc.o(.text) refers to stm32f10x_rcc.o(.text) for RCC_APB2PeriphResetCmd
    stm32f10x_bkp.o(.text) refers to stm32f10x_rcc.o(.text) for RCC_BackupResetCmd
    stm32f10x_can.o(.text) refers to stm32f10x_rcc.o(.text) for RCC_APB1PeriphResetCmd
    stm32f10x_cec.o(.text) refers to stm32f10x_rcc.o(.text) for RCC_APB1PeriphResetCmd
    stm32f10x_dac.o(.text) refers to stm32f10x_rcc.o(.text) for RCC_APB1PeriphResetCmd
    stm32f10x_gpio.o(.text) refers to stm32f10x_rcc.o(.text) for RCC_APB2PeriphResetCmd
    stm32f10x_i2c.o(.text) refers to stm32f10x_rcc.o(.text) for RCC_APB1PeriphResetCmd
    stm32f10x_pwr.o(.text) refers to stm32f10x_rcc.o(.text) for RCC_APB1PeriphResetCmd
    stm32f10x_rcc.o(.text) refers to stm32f10x_rcc.o(.data) for APBAHBPrescTable
    stm32f10x_spi.o(.text) refers to stm32f10x_rcc.o(.text) for RCC_APB2PeriphResetCmd
    stm32f10x_tim.o(.text) refers to stm32f10x_rcc.o(.text) for RCC_APB2PeriphResetCmd
    stm32f10x_usart.o(.text) refers to stm32f10x_rcc.o(.text) for RCC_APB2PeriphResetCmd
    stm32f10x_wwdg.o(.text) refers to stm32f10x_rcc.o(.text) for RCC_APB1PeriphResetCmd
    algorithm_filter.o(.text) refers to dmul.o(.text) for __aeabi_dmul
    algorithm_filter.o(.text) refers to dadd.o(.text) for __aeabi_dadd
    algorithm_filter.o(.text) refers to ddiv.o(.text) for __aeabi_ddiv
    algorithm_math.o(.text) refers to fmul.o(.text) for __aeabi_fmul
    algorithm_math.o(.text) refers to fadd.o(.text) for __aeabi_frsub
    algorithm_math.o(.text) refers to cfrcmple.o(.text) for __aeabi_cfrcmple
    algorithm_math.o(.text) refers to cfcmple.o(.text) for __aeabi_cfcmple
    algorithm_math.o(.text) refers to f2d.o(.text) for __aeabi_f2d
    algorithm_math.o(.text) refers to dmul.o(.text) for __aeabi_dmul
    algorithm_math.o(.text) refers to dadd.o(.text) for __aeabi_drsub
    algorithm_math.o(.text) refers to d2f.o(.text) for __aeabi_d2f
    algorithm_math.o(.text) refers to fdiv.o(.text) for __aeabi_fdiv
    adc.o(.text) refers to stm32f10x_rcc.o(.text) for RCC_AHBPeriphClockCmd
    adc.o(.text) refers to stm32f10x_gpio.o(.text) for GPIO_Init
    adc.o(.text) refers to stm32f10x_dma.o(.text) for DMA_DeInit
    adc.o(.text) refers to stm32f10x_adc.o(.text) for ADC_Init
    adc.o(.text) refers to adc.o(.data) for ADC_ConvertedValue
    led.o(.text) refers to stm32f10x_rcc.o(.text) for RCC_APB2PeriphClockCmd
    led.o(.text) refers to stm32f10x_gpio.o(.text) for GPIO_Init
    led.o(.text) refers to led.o(.data) for r
    spi.o(.text) refers to stm32f10x_spi.o(.text) for SPI_I2S_GetFlagStatus
    spi.o(.text) refers to stm32f10x_rcc.o(.text) for RCC_APB2PeriphClockCmd
    spi.o(.text) refers to stm32f10x_gpio.o(.text) for GPIO_Init
    i2c.o(.text) refers to stm32f10x_rcc.o(.text) for RCC_APB2PeriphClockCmd
    i2c.o(.text) refers to stm32f10x_gpio.o(.text) for GPIO_Init
    key.o(.text) refers to stm32f10x_rcc.o(.text) for RCC_APB2PeriphClockCmd
    key.o(.text) refers to stm32f10x_gpio.o(.text) for GPIO_Init
    oled.o(.text) refers to stm32f10x_gpio.o(.text) for GPIO_SetBits
    oled.o(.text) refers to stm32f10x_rcc.o(.text) for RCC_APB2PeriphClockCmd
    oled.o(.text) refers to cdcmple.o(.text) for __aeabi_cdcmple
    oled.o(.text) refers to dfixi.o(.text) for __aeabi_d2iz
    oled.o(.text) refers to dflti.o(.text) for __aeabi_i2d
    oled.o(.text) refers to dadd.o(.text) for __aeabi_drsub
    oled.o(.text) refers to dmul.o(.text) for __aeabi_dmul
    oled.o(.text) refers to dfixui.o(.text) for __aeabi_d2uiz
    oled.o(.text) refers to oled.o(.constdata) for F6x8
    oled.o(.text) refers to dfltui.o(.text) for __aeabi_ui2d
    oled.o(.text) refers to oled.o(.data) for longqiu96x64
    moto.o(.text) refers to stm32f10x_rcc.o(.text) for RCC_APB1PeriphClockCmd
    moto.o(.text) refers to stm32f10x_tim.o(.text) for TIM_TimeBaseInit
    moto.o(.text) refers to stm32f10x_gpio.o(.text) for GPIO_Init
    time.o(.text) refers to stm32f10x_rcc.o(.text) for RCC_APB1PeriphClockCmd
    time.o(.text) refers to stm32f10x_tim.o(.text) for TIM_DeInit
    time.o(.text) refers to misc.o(.text) for NVIC_PriorityGroupConfig
    usart.o(.text) refers to stm32f10x_rcc.o(.text) for RCC_APB2PeriphClockCmd
[...]
    ADC1_GPIO_Config                         0x08002fe9   Thumb Code    42  adc.o(.text)
    ADC1_Mode_Config                         0x08003013   Thumb Code   210  adc.o(.text)
    .text                                    0x08003100   Section        0  led.o(.text)
    .text                                    0x080031e8   Section        0  spi.o(.text)
    .text                                    0x08003340   Section        0  i2c.o(.text)
    .text                                    0x0800364c   Section        0  key.o(.text)
    .text                                    0x080037a8   Section        0  oled.o(.text)
    .text                                    0x08004750   Section        0  moto.o(.text)
    .text                                    0x08004878   Section        0  time.o(.text)
    .text                                    0x0800492c   Section        0  usart.o(.text)
    itoa                                     0x080049d9   Thumb Code    98  usart.o(.text)
    .text                                    0x08004c08   Section        0  delay.o(.text)
    .text                                    0x08004ccc   Section        0  eeprom.o(.text)
    EE_FindValidPage                         0x08004ccd   Thumb Code    78  eeprom.o(.text)
    EE_Format                                0x08004d77   Thumb Code    50  eeprom.o(.text)
    EE_VerifyPageFullWriteVariable           0x08004da9   Thumb Code   128  eeprom.o(.text)
    EE_PageTransfer                          0x0800507d   Thumb Code   250  eeprom.o(.text)
    .text                                    0x080051ac   Section        0  ms5611.o(.text)
    .text                                    0x08005624   Section        0  mpu6050.o(.text)
    .text                                    0x08005c28   Section        0  hmc5883.o(.text)
    .text                                    0x08005dd8   Section        0  nrf24l01.o(.text)
    .text                                    0x080060a0   Section        0  tim_pwm_in.o(.text)
    .text                                    0x080064ec   Section        0  main.o(.text)
    .text                                    0x0800652c   Section        0  stm32f10x_it.o(.text)
    .text                                    0x08006734   Section        0  imu.o(.text)
    .text                                    0x08006f60   Section        0  app.o(.text)
    .text                                    0x08007234   Section        0  param.o(.text)
    EE_READ_ACC_OFFSET                       0x08007235   Thumb Code    38  param.o(.text)
    .text                                    0x08007334   Section        0  control.o(.text)
    .text                                    0x08007b08   Section        0  uldiv.o(.text)
    .text                                    0x08007b6a   Section        0  fadd.o(.text)
    .text                                    0x08007c1a   Section        0  fmul.o(.text)
    .text                                    0x08007c86   Section        0  fdiv.o(.text)
    .text                                    0x08007d06   Section        0  dadd.o(.text)
    .text                                    0x08007e54   Section        0  dmul.o(.text)
    .text                                    0x08007f38   Section        0  ddiv.o(.text)
    .text                                    0x08008016   Section        0  fflti.o(.text)
    .text                                    0x08008028   Section        0  ffltui.o(.text)
    .text                                    0x08008032   Section        0  ffltul.o(.text)
    .text                                    0x0800804e   Section        0  dflti.o(.text)
    .text                                    0x08008070   Section        0  dfltui.o(.text)
    .text                                    0x0800808a   Section        0  dfltul.o(.text)
    .text                                    0x080080a2   Section        0  ffixi.o(.text)
    .text                                    0x080080d4   Section        0  dfixi.o(.text)
    .text                                    0x08008112   Section        0  dfixui.o(.text)
    .text                                    0x08008144   Section        0  f2d.o(.text)
    .text                                    0x0800816c   Section       40  cdcmple.o(.text)
    .text                                    0x08008194   Section        0  d2f.o(.text)
    .text                                    0x080081cc   Section       20  cfcmple.o(.text)
    .text                                    0x080081e0   Section       20  cfrcmple.o(.text)
    .text                                    0x080081f4   Section        0  llshl.o(.text)
    .text                                    0x08008212   Section        0  llushr.o(.text)
    .text                                    0x08008232   Section        0  llsshr.o(.text)
    .text                                    0x08008256   Section        0  fepilogue.o(.text)
    .text                                    0x08008256   Section        0  iusefp.o(.text)
    .text                                    0x080082c2   Section        0  depilogue.o(.text)
    .text                                    0x08008380   Section        0  dscalb.o(.text)
    .text                                    0x080083b0   Section       36  init.o(.text)
    .text                                    0x080083d4   Section        0  dsqrt.o(.text)
    .text                                    0x08008476   Section        0  __dczerorl2.o(.text)
    i.__ARM_fpclassify                       0x080084d2   Section        0  fpclassify.o(i.__ARM_fpclassify)
    i.__kernel_poly                          0x080084fa   Section        0  poly.o(i.__kernel_poly)
    i.__mathlib_dbl_underflow                0x080085a4   Section        0  dunder.o(i.__mathlib_dbl_underflow)
    i.__scatterload_copy                     0x080085b4   Section       14  handlers.o(i.__scatterload_copy)
    i.__scatterload_null                     0x080085c2   Section        2  handlers.o(i.__scatterload_null)
    i.__scatterload_zeroinit                 0x080085c4   Section       14  handlers.o(i.__scatterload_zeroinit)
    i.__set_errno                            0x080085d4   Section        0  errno.o(i.__set_errno)
    i.asin                                   0x080085e0   Section        0  asin.o(i.asin)
    i.atan                                   0x0800885c   Section        0  atan.o(i.atan)
    i.atan2                                  0x08008a80   Section        0  atan2.o(i.atan2)
    i.sqrt                                   0x08008c00   Section        0  sqrt.o(i.sqrt)
    .constdata                               0x08008c4c   Section     3003  oled.o(.constdata)
    .constdata                               0x08009808   Section       80  asin.o(.constdata)
    pS                                       0x08009808   Data          48  asin.o(.constdata)
    qS                                       0x08009838   Data          32  asin.o(.constdata)
    .constdata                               0x08009858   Section      152  atan.o(.constdata)
    atanhi                                   0x08009858   Data          32  atan.o(.constdata)
    atanlo                                   0x08009878   Data          32  atan.o(.constdata)
    aTodd                                    0x08009898   Data          40  atan.o(.constdata)
    aTeven                                   0x080098c0   Data          48  atan.o(.constdata)
    .constdata                               0x080098f0   Section        8  qnan.o(.constdata)
    .data                                    0x20000000   Section       20  system_stm32f10x.o(.data)
    .data                                    0x20000014   Section       20  stm32f10x_rcc.o(.data)
    APBAHBPrescTable                         0x20000014   Data          16  stm32f10x_rcc.o(.data)
    ADCPrescTable                            0x20000024   Data           4  stm32f10x_rcc.o(.data)
    .data                                    0x20000028   Section        2  adc.o(.data)
    .data                                    0x2000002a   Section        4  led.o(.data)
    r                                        0x2000002a   Data           2  led.o(.data)
    g                                        0x2000002c   Data           2  led.o(.data)
    .data                                    0x2000002e   Section      768  oled.o(.data)
    .data                                    0x2000032e   Section        4  delay.o(.data)
    fac_us                                   0x2000032e   Data           1  delay.o(.data)
    fac_ms                                   0x20000330   Data           2  delay.o(.data)
    .data                                    0x20000334   Section        8  eeprom.o(.data)
    .data                                    0x20000340   Section       92  ms5611.o(.data)
    p                                        0x20000340   Data           1  ms5611.o(.data)
    p                                        0x20000341   Data           1  ms5611.o(.data)
    Now_doing                                0x20000342   Data           1  ms5611.o(.data)
    flag                                     0x20000343   Data           1  ms5611.o(.data)
    .data                                    0x2000039c   Section       17  mpu6050.o(.data)
    tempax                                   0x200003a0   Data           4  mpu6050.o(.data)
    tempay                                   0x200003a4   Data           4  mpu6050.o(.data)
    tempaz                                   0x200003a8   Data           4  mpu6050.o(.data)
    cnt_a                                    0x200003ac   Data           1  mpu6050.o(.data)
    .data                                    0x200003b0   Section       30  hmc5883.o(.data)
    filter_cnt                               0x200003c0   Data           1  hmc5883.o(.data)
    .data                                    0x200003ce   Section       10  nrf24l01.o(.data)
    .data                                    0x200003d8   Section       42  tim_pwm_in.o(.data)
    rcDataMean                               0x200003d8   Data           8  tim_pwm_in.o(.data)
    rcValuesIndex                            0x200003e0   Data           1  tim_pwm_in.o(.data)
    .data                                    0x20000402   Section        6  stm32f10x_it.o(.data)
    ms1                                      0x20000404   Data           2  stm32f10x_it.o(.data)
    data_len                                 0x20000406   Data           1  stm32f10x_it.o(.data)
    data_cnt                                 0x20000407   Data           1  stm32f10x_it.o(.data)
    .data                                    0x20000408   Section      108  imu.o(.data)
    .data                                    0x20000474   Section        5  app.o(.data)
    ti                                       0x20000474   Data           1  app.o(.data)
    .data                                    0x2000047a   Section       30  param.o(.data)
    .data                                    0x20000498   Section       28  control.o(.data)
    roll_old                                 0x2000049c   Data           4  control.o(.data)
    pitch_old                                0x200004a0   Data           4  control.o(.data)
    flag                                     0x200004a4   Data           1  control.o(.data)
    i                                        0x200004a5   Data           1  control.o(.data)
    time                                     0x200004a6   Data           2  control.o(.data)
    time1                                    0x200004a8   Data           2  control.o(.data)
    time2                                    0x200004aa   Data           2  control.o(.data)
    .data                                    0x200004b4   Section        4  errno.o(.data)
    _errno                                   0x200004b4   Data           4  errno.o(.data)
    .bss                                     0x200004b8   Section      148  ms5611.o(.bss)
    .bss                                     0x2000054c   Section       86  mpu6050.o(.bss)
    .bss                                     0x200005a2   Section       60  hmc5883.o(.bss)
    .bss                                     0x200005de   Section       46  tim_pwm_in.o(.bss)
    rcDataCache                              0x200005de   Data          32  tim_pwm_in.o(.bss)
    .bss                                     0x2000060c   Section       50  stm32f10x_it.o(.bss)
    .bss                                     0x20000640   Section      252  imu.o(.bss)
    .bss                                     0x2000073c   Section       80  app.o(.bss)
    .bss                                     0x2000078c   Section      220  control.o(.bss)
    STACK                                    0x20000868   Section     1024  startup_stm32f10x_hd.o(STACK)

    Global Symbols

    Symbol Name                              Value     Ov Type        Size  Object(Section)

    BuildAttributes$$THM_ISAv4$P$D$K$B$S$PE$A:L22UL41UL21$X:L11$S22US41US21$IEEE1$IW$USESV6$~STKCKD$USESV7$~SHL$OTIME$ROPI$IEEEX$EBA8$MICROLIB$REQ8$PRES8$EABIv2 0x00000000   Number         0  anon$$obj.o ABSOLUTE
    __ARM_use_no_argv                        0x00000000   Number         0  main.o ABSOLUTE
    __cpp_initialize__aeabi_                  - Undefined Weak Reference
    __cxa_finalize                            - Undefined Weak Reference
    _clock_init                               - Undefined Weak Reference
    _microlib_exit                            - Undefined Weak Reference
    __Vectors_Size                           0x00000130   Number         0  startup_stm32f10x_hd.o ABSOLUTE
    __Vectors                                0x08000000   Data           4  startup_stm32f10x_hd.o(RESET)
    __Vectors_End                            0x08000130   Data           0  startup_stm32f10x_hd.o(RESET)
    __main                                   0x08000131   Thumb Code     0  entry.o(.ARM.Collect$$$$00000000)
    _main_stk                                0x08000131   Thumb Code     0  entry2.o(.ARM.Collect$$$$00000001)
    _main_scatterload                        0x08000135   Thumb Code     0  entry5.o(.ARM.Collect$$$$00000004)
    __main_after_scatterload                 0x08000139   Thumb Code     0  entry5.o(.ARM.Collect$$$$00000004)
    _main_clock                              0x08000139   Thumb Code     0  entry7b.o(.ARM.Collect$$$$00000008)
    _main_cpp_init                           0x08000139   Thumb Code     0  entry8b.o(.ARM.Collect$$$$0000000A)
    _main_init                               0x08000139   Thumb Code     0  entry9a.o(.ARM.Collect$$$$0000000B)
    __rt_final_cpp                           0x08000141   Thumb Code     0  entry10a.o(.ARM.Collect$$$$0000000D)
    __rt_final_exit                          0x08000141   Thumb Code     0  entry11a.o(.ARM.Collect$$$$0000000F)
    SystemInit                               0x08000221   Thumb Code    78  system_stm32f10x.o(.text)
    SystemCoreClockUpdate                    0x0800026f   Thumb Code   142  system_stm32f10x.o(.text)
    Reset_Handler                            0x08000321   Thumb Code     8  startup_stm32f10x_hd.o(.text)
    ADC1_2_IRQHandler                        0x0800033b   Thumb Code     0  startup_stm32f10x_hd.o(.text)
    ADC3_IRQHandler                          0x0800033b   Thumb Code     0  startup_stm32f10x_hd.o(.text)
    CAN1_RX1_IRQHandler                      0x0800033b   Thumb Code     0  startup_stm32f10x_hd.o(.text)
    CAN1_SCE_IRQHandler                      0x0800033b   Thumb Code     0  startup_stm32f10x_hd.o(.text)
    DMA1_Channel1_IRQHandler                 0x0800033b   Thumb Code     0  startup_stm32f10x_hd.o(.text)
    DMA1_Channel2_IRQHandler                 0x0800033b   Thumb Code     0  startup_stm32f10x_hd.o(.text)
    DMA1_Channel3_IRQHandler                 0x0800033b   Thumb Code     0  startup_stm32f10x_hd.o(.text)
    DMA1_Channel4_IRQHandler                 0x0800033b   Thumb Code     0  startup_stm32f10x_hd.o(.text)
    DMA1_Channel5_IRQHandler                 0x0800033b   Thumb Code     0  startup_stm32f10x_hd.o(.text)
    DMA1_Channel6_IRQHandler                 0x0800033b   Thumb Code     0  startup_stm32f10x_hd.o(.text)
    DMA1_Channel7_IRQHandler                 0x0800033b   Thumb Code     0  startup_stm32f10x_hd.o(.text)
    DMA2_Channel1_IRQHandler                 0x0800033b   Thumb Code     0  startup_stm32f10x_hd.o(.text)
    DMA2_Channel2_IRQHandler                 0x0800033b   Thumb Code     0  startup_stm32f10x_hd.o(.text)
    DMA2_Channel3_IRQHandler                 0x0800033b   Thumb Code     0  startup_stm32f10x_hd.o(.text)
    DMA2_Channel4_5_IRQHandler               0x0800033b   Thumb Code     0  startup_stm32f10x_hd.o(.text)
    EXTI0_IRQHandler                         0x0800033b   Thumb Code     0  startup_stm32f10x_hd.o(.text)
    EXTI15_10_IRQHandler                     0x0800033b   Thumb Code     0  startup_stm32f10x_hd.o(.text)
    EXTI1_IRQHandler                         0x0800033b   Thumb Code     0  startup_stm32f10x_hd.o(.text)
    EXTI2_IRQHandler                         0x0800033b   Thumb Code     0  startup_stm32f10x_hd.o(.text)
    EXTI3_IRQHandler                         0x0800033b   Thumb Code     0  startup_stm32f10x_hd.o(.text)
    EXTI4_IRQHandler                         0x0800033b   Thumb Code     0  startup_stm32f10x_hd.o(.text)
    EXTI9_5_IRQHandler                       0x0800033b   Thumb Code     0  startup_stm32f10x_hd.o(.text)
    FLASH_IRQHandler                         0x0800033b   Thumb Code     0  startup_stm32f10x_hd.o(.text)
    FSMC_IRQHandler                          0x0800033b   Thumb Code     0  startup_stm32f10x_hd.o(.text)
    I2C1_ER_IRQHandler                       0x0800033b   Thumb Code     0  startup_stm32f10x_hd.o(.text)
    I2C1_EV_IRQHandler                       0x0800033b   Thumb Code     0  startup_stm32f10x_hd.o(.text)
    I2C2_ER_IRQHandler                       0x0800033b   Thumb Code     0  startup_stm32f10x_hd.o(.text)
    I2C2_EV_IRQHandler                       0x0800033b   Thumb Code     0  startup_stm32f10x_hd.o(.text)
    PVD_IRQHandler                           0x0800033b   Thumb Code     0  startup_stm32f10x_hd.o(.text)
    RCC_IRQHandler                           0x0800033b   Thumb Code     0  startup_stm32f10x_hd.o(.text)
    RTCAlarm_IRQHandler                      0x0800033b   Thumb Code     0  startup_stm32f10x_hd.o(.text)
    RTC_IRQHandler                           0x0800033b   Thumb Code     0  startup_stm32f10x_hd.o(.text)
    SDIO_IRQHandler                          0x0800033b   Thumb Code     0  startup_stm32f10x_hd.o(.text)
    SPI1_IRQHandler                          0x0800033b   Thumb Code     0  startup_stm32f10x_hd.o(.text)
    SPI2_IRQHandler                          0x0800033b   Thumb Code     0  startup_stm32f10x_hd.o(.text)
    SPI3_IRQHandler                          0x0800033b   Thumb Code     0  startup_stm32f10x_hd.o(.text)
    TAMPER_IRQHandler                        0x0800033b   Thumb Code     0  startup_stm32f10x_hd.o(.text)
    TIM1_BRK_IRQHandler                      0x0800033b   Thumb Code     0  startup_stm32f10x_hd.o(.text)
    TIM1_CC_IRQHandler                       0x0800033b   Thumb Code     0  startup_stm32f10x_hd.o(.text)
    TIM1_TRG_COM_IRQHandler                  0x0800033b   Thumb Code     0  startup_stm32f10x_hd.o(.text)
    TIM1_UP_IRQHandler                       0x0800033b   Thumb Code     0  startup_stm32f10x_hd.o(.text)
    TIM2_IRQHandler                          0x0800033b   Thumb Code     0  startup_stm32f10x_hd.o(.text)
    TIM5_IRQHandler                          0x0800033b   Thumb Code     0  startup_stm32f10x_hd.o(.text)
    TIM6_IRQHandler                          0x0800033b   Thumb Code     0  startup_stm32f10x_hd.o(.text)
    TIM7_IRQHandler                          0x0800033b   Thumb Code     0  startup_stm32f10x_hd.o(.text)
    TIM8_BRK_IRQHandler                      0x0800033b   Thumb Code     0  startup_stm32f10x_hd.o(.text)
    TIM8_CC_IRQHandler                       0x0800033b   Thumb Code     0  startup_stm32f10x_hd.o(.text)
    TIM8_TRG_COM_IRQHandler                  0x0800033b   Thumb Code     0  startup_stm32f10x_hd.o(.text)
    TIM8_UP_IRQHandler                       0x0800033b   Thumb Code     0  startup_stm32f10x_hd.o(.text)
    UART4_IRQHandler                         0x0800033b   Thumb Code     0  startup_stm32f10x_hd.o(.text)
    UART5_IRQHandler                         0x0800033b   Thumb Code     0  startup_stm32f10x_hd.o(.text)
    USART1_IRQHandler                        0x0800033b   Thumb Code     0  startup_stm32f10x_hd.o(.text)
    USART2_IRQHandler                        0x0800033b   Thumb Code     0  startup_stm32f10x_hd.o(.text)
    USBWakeUp_IRQHandler                     0x0800033b   Thumb Code     0  startup_stm32f10x_hd.o(.text)
    USB_HP_CAN1_TX_IRQHandler                0x0800033b   Thumb Code     0  startup_stm32f10x_hd.o(.text)
    USB_LP_CAN1_RX0_IRQHandler               0x0800033b   Thumb Code     0  startup_stm32f10x_hd.o(.text)
    WWDG_IRQHandler                          0x0800033b   Thumb Code     0  startup_stm32f10x_hd.o(.text)
    NVIC_PriorityGroupConfig                 0x08000345   Thumb Code    10  misc.o(.text)
    NVIC_Init                                0x0800034f   Thumb Code   102  misc.o(.text)
    NVIC_SetVectorTable                      0x080003b5   Thumb Code    14  misc.o(.text)
    NVIC_SystemLPConfig                      0x080003c3   Thumb Code    34  misc.o(.text)
    SysTick_CLKSourceConfig                  0x080003e5   Thumb Code    40  misc.o(.text)
    ADC_DeInit                               0x08000421   Thumb Code    78  stm32f10x_adc.o(.text)
    ADC_Init                                 0x0800046f   Thumb Code    70  stm32f10x_adc.o(.text)
    ADC_StructInit                           0x080004b5   Thumb Code    18  stm32f10x_adc.o(.text)
    ADC_Cmd                                  0x080004c7   Thumb Code    22  stm32f10x_adc.o(.text)
    ADC_DMACmd                               0x080004dd   Thumb Code    22  stm32f10x_adc.o(.text)
    ADC_ITConfig                             0x080004f3   Thumb Code    24  stm32f10x_adc.o(.text)
    ADC_ResetCalibration                     0x0800050b   Thumb Code    10  stm32f10x_adc.o(.text)
    ADC_GetResetCalibrationStatus            0x08000515   Thumb Code    20  stm32f10x_adc.o(.text)
    ADC_StartCalibration                     0x08000529   Thumb Code    10  stm32f10x_adc.o(.text)
    ADC_GetCalibrationStatus                 0x08000533   Thumb Code    20  stm32f10x_adc.o(.text)
    ADC_SoftwareStartConvCmd                 0x08000547   Thumb Code    22  stm32f10x_adc.o(.text)
    ADC_GetSoftwareStartConvStatus           0x0800055d   Thumb Code    20  stm32f10x_adc.o(.text)
    ADC_DiscModeChannelCountConfig           0x08000571   Thumb Code    24  stm32f10x_adc.o(.text)
    ADC_DiscModeCmd                          0x08000589   Thumb Code    22  stm32f10x_adc.o(.text)
    ADC_RegularChannelConfig                 0x0800059f   Thumb Code   184  stm32f10x_adc.o(.text)
    ADC_ExternalTrigConvCmd                  0x08000657   Thumb Code    22  stm32f10x_adc.o(.text)
    ADC_GetConversionValue                   0x0800066d   Thumb Code     8  stm32f10x_adc.o(.text)
    ADC_GetDualModeConversionValue           0x08000675   Thumb Code     8  stm32f10x_adc.o(.text)
    ADC_AutoInjectedConvCmd                  0x0800067d   Thumb Code    22  stm32f10x_adc.o(.text)
    ADC_InjectedDiscModeCmd                  0x08000693   Thumb Code    22  stm32f10x_adc.o(.text)
    ADC_ExternalTrigInjectedConvConfig       0x080006a9   Thumb Code    16  stm32f10x_adc.o(.text)
    ADC_ExternalTrigInjectedConvCmd          0x080006b9   Thumb Code    22  stm32f10x_adc.o(.text)
    ADC_SoftwareStartInjectedConvCmd         0x080006cf   Thumb Code    22  stm32f10x_adc.o(.text)
    ADC_GetSoftwareStartInjectedConvCmdStatus 0x080006e5   Thumb Code    20  stm32f10x_adc.o(.text)
    ADC_InjectedChannelConfig                0x080006f9   Thumb Code   130  stm32f10x_adc.o(.text)
    ADC_InjectedSequencerLengthConfig        0x0800077b   Thumb Code    24  stm32f10x_adc.o(.text)
    ADC_SetInjectedOffset                    0x08000793   Thumb Code    20  stm32f10x_adc.o(.text)
    ADC_GetInjectedConversionValue           0x080007a7   Thumb Code    28  stm32f10x_adc.o(.text)
    ADC_AnalogWatchdogCmd                    0x080007c3   Thumb Code    16  stm32f10x_adc.o(.text)
    ADC_AnalogWatchdogThresholdsConfig       0x080007d3   Thumb Code     6  stm32f10x_adc.o(.text)
    ADC_AnalogWatchdogSingleChannelConfig    0x080007d9   Thumb Code    16  stm32f10x_adc.o(.text)
    ADC_TempSensorVrefintCmd                 0x080007e9   Thumb Code    64  stm32f10x_adc.o(.text)
    ADC_GetFlagStatus                        0x08000829   Thumb Code    18  stm32f10x_adc.o(.text)
    ADC_ClearFlag                            0x0800083b   Thumb Code     6  stm32f10x_adc.o(.text)
    ADC_GetITStatus                          0x08000841   Thumb Code    36  stm32f10x_adc.o(.text)
    ADC_ClearITPendingBit                    0x08000865   Thumb Code    10  stm32f10x_adc.o(.text)
    DMA_DeInit                               0x08000871   Thumb Code   324  stm32f10x_dma.o(.text)
    DMA_Init                                 0x080009b5   Thumb Code    60  stm32f10x_dma.o(.text)
    DMA_StructInit                           0x080009f1   Thumb Code    26  stm32f10x_dma.o(.text)
    DMA_Cmd                                  0x08000a0b   Thumb Code    24  stm32f10x_dma.o(.text)
    DMA_ITConfig                             0x08000a23   Thumb Code    18  stm32f10x_dma.o(.text)
    DMA_SetCurrDataCounter                   0x08000a35   Thumb Code     4  stm32f10x_dma.o(.text)
    DMA_GetCurrDataCounter                   0x08000a39   Thumb Code     8  stm32f10x_dma.o(.text)
    DMA_GetFlagStatus                        0x08000a41   Thumb Code    38  stm32f10x_dma.o(.text)
    DMA_ClearFlag                            0x08000a67   Thumb Code    22  stm32f10x_dma.o(.text)
    DMA_GetITStatus                          0x08000a7d   Thumb Code    38  stm32f10x_dma.o(.text)
    DMA_ClearITPendingBit                    0x08000aa3   Thumb Code    22  stm32f10x_dma.o(.text)
    FLASH_SetLatency                         0x08000ac1   Thumb Code    18  stm32f10x_flash.o(.text)
    FLASH_HalfCycleAccessCmd                 0x08000ad3   Thumb Code    22  stm32f10x_flash.o(.text)
    FLASH_PrefetchBufferCmd                  0x08000ae9   Thumb Code    22  stm32f10x_flash.o(.text)
    FLASH_Unlock                             0x08000aff   Thumb Code    12  stm32f10x_flash.o(.text)
    FLASH_UnlockBank1                        0x08000b0b   Thumb Code    12  stm32f10x_flash.o(.text)
    FLASH_Lock                               0x08000b17   Thumb Code    14  stm32f10x_flash.o(.text)
    FLASH_LockBank1                          0x08000b25   Thumb Code    14  stm32f10x_flash.o(.text)
    FLASH_GetBank1Status                     0x08000b33   Thumb Code    48  stm32f10x_flash.o(.text)
    FLASH_WaitForLastOperation               0x08000b63   Thumb Code    38  stm32f10x_flash.o(.text)
    FLASH_ErasePage                          0x08000b89   Thumb Code    72  stm32f10x_flash.o(.text)
    FLASH_EraseAllPages                      0x08000bd1   Thumb Code    68  stm32f10x_flash.o(.text)
    FLASH_WaitForLastBank1Operation          0x08000c15   Thumb Code    38  stm32f10x_flash.o(.text)
    FLASH_EraseAllBank1Pages                 0x08000c3b   Thumb Code    68  stm32f10x_flash.o(.text)
    FLASH_GetReadOutProtectionStatus         0x08000c7f   Thumb Code    20  stm32f10x_flash.o(.text)
    FLASH_EraseOptionBytes                   0x08000c93   Thumb Code   150  stm32f10x_flash.o(.text)
    FLASH_ProgramWord                        0x08000d29   Thumb Code   102  stm32f10x_flash.o(.text)
    FLASH_ProgramHalfWord                    0x08000d8f   Thumb Code    60  stm32f10x_flash.o(.text)
    FLASH_ProgramOptionByteData              0x08000dcb   Thumb Code    72  stm32f10x_flash.o(.text)
    FLASH_EnableWriteProtection              0x08000e13   Thumb Code   200  stm32f10x_flash.o(.text)
    FLASH_ReadOutProtection                  0x08000edb   Thumb Code   156  stm32f10x_flash.o(.text)
    FLASH_UserOptionByteConfig               0x08000f77   Thumb Code    88  stm32f10x_flash.o(.text)
    FLASH_GetUserOptionByte                  0x08000fcf   Thumb Code     8  stm32f10x_flash.o(.text)
    FLASH_GetWriteProtectionOptionByte       0x08000fd7   Thumb Code     6  stm32f10x_flash.o(.text)
    FLASH_GetPrefetchBufferStatus            0x08000fdd   Thumb Code    20  stm32f10x_flash.o(.text)
    FLASH_ITConfig                           0x08000ff1   Thumb Code    26  stm32f10x_flash.o(.text)
    FLASH_GetFlagStatus                      0x0800100b   Thumb Code    42  stm32f10x_flash.o(.text)
    FLASH_ClearFlag                          0x08001035   Thumb Code     6  stm32f10x_flash.o(.text)
    FLASH_GetStatus                          0x0800103b   Thumb Code    48  stm32f10x_flash.o(.text)
    GPIO_DeInit                              0x0800107d   Thumb Code   172  stm32f10x_gpio.o(.text)
    GPIO_AFIODeInit                          0x08001129   Thumb Code    20  stm32f10x_gpio.o(.text)
    GPIO_Init                                0x0800113d   Thumb Code   274  stm32f10x_gpio.o(.text)
    GPIO_StructInit                          0x0800124f   Thumb Code    16  stm32f10x_gpio.o(.text)
    GPIO_ReadInputDataBit                    0x0800125f   Thumb Code    18  stm32f10x_gpio.o(.text)
    GPIO_ReadInputData                       0x08001271   Thumb Code     8  stm32f10x_gpio.o(.text)
    GPIO_ReadOutputDataBit                   0x08001279   Thumb Code    18  stm32f10x_gpio.o(.text)
    GPIO_ReadOutputData                      0x0800128b   Thumb Code     8  stm32f10x_gpio.o(.text)
    GPIO_SetBits                             0x08001293   Thumb Code     4  stm32f10x_gpio.o(.text)
    GPIO_PinReverse                          0x08001297   Thumb Code     8  stm32f10x_gpio.o(.text)
    GPIO_ResetBits                           0x0800129f   Thumb Code     4  stm32f10x_gpio.o(.text)
    GPIO_WriteBit                            0x080012a3   Thumb Code    10  stm32f10x_gpio.o(.text)
    GPIO_Write                               0x080012ad   Thumb Code     4  stm32f10x_gpio.o(.text)
    GPIO_PinLockConfig                       0x080012b1   Thumb Code    18  stm32f10x_gpio.o(.text)
    GPIO_EventOutputConfig                   0x080012c3   Thumb Code    26  stm32f10x_gpio.o(.text)
    GPIO_EventOutputCmd                      0x080012dd   Thumb Code     6  stm32f10x_gpio.o(.text)
    GPIO_PinRemapConfig                      0x080012e3   Thumb Code   138  stm32f10x_gpio.o(.text)
    GPIO_EXTILineConfig                      0x0800136d   Thumb Code    66  stm32f10x_gpio.o(.text)
    GPIO_ETH_MediaInterfaceConfig            0x080013af   Thumb Code     6  stm32f10x_gpio.o(.text)
    RCC_DeInit                               0x080013dd   Thumb Code    64  stm32f10x_rcc.o(.text)
    RCC_HSEConfig                            0x0800141d   Thumb Code    70  stm32f10x_rcc.o(.text)
    RCC_GetFlagStatus                        0x08001463   Thumb Code    56  stm32f10x_rcc.o(.text)
    RCC_WaitForHSEStartUp                    0x0800149b   Thumb Code    56  stm32f10x_rcc.o(.text)
    RCC_AdjustHSICalibrationValue            0x080014d3   Thumb Code    20  stm32f10x_rcc.o(.text)
    RCC_HSICmd                               0x080014e7   Thumb Code     6  stm32f10x_rcc.o(.text)
    RCC_PLLConfig                            0x080014ed   Thumb Code    24  stm32f10x_rcc.o(.text)
    RCC_PLLCmd                               0x08001505   Thumb Code     6  stm32f10x_rcc.o(.text)
    RCC_SYSCLKConfig                         0x0800150b   Thumb Code    18  stm32f10x_rcc.o(.text)
    RCC_GetSYSCLKSource                      0x0800151d   Thumb Code    10  stm32f10x_rcc.o(.text)
    RCC_HCLKConfig                           0x08001527   Thumb Code    18  stm32f10x_rcc.o(.text)
    RCC_PCLK1Config                          0x08001539   Thumb Code    18  stm32f10x_rcc.o(.text)
    RCC_PCLK2Config                          0x0800154b   Thumb Code    20  stm32f10x_rcc.o(.text)
    RCC_ITConfig                             0x0800155f   Thumb Code    26  stm32f10x_rcc.o(.text)
    RCC_USBCLKConfig                         0x08001579   Thumb Code     6  stm32f10x_rcc.o(.text)
    RCC_ADCCLKConfig                         0x0800157f   Thumb Code    18  stm32f10x_rcc.o(.text)
    RCC_LSEConfig                            0x08001591   Thumb Code    44  stm32f10x_rcc.o(.text)
    RCC_LSICmd                               0x080015bd   Thumb Code     6  stm32f10x_rcc.o(.text)
    RCC_RTCCLKConfig                         0x080015c3   Thumb Code    12  stm32f10x_rcc.o(.text)
    RCC_RTCCLKCmd                            0x080015cf   Thumb Code     8  stm32f10x_rcc.o(.text)
    RCC_GetClocksFreq                        0x080015d7   Thumb Code   192  stm32f10x_rcc.o(.text)
    RCC_AHBPeriphClockCmd                    0x08001697   Thumb Code    26  stm32f10x_rcc.o(.text)
    RCC_APB2PeriphClockCmd                   0x080016b1   Thumb Code    26  stm32f10x_rcc.o(.text)
    RCC_APB1PeriphClockCmd                   0x080016cb   Thumb Code    26  stm32f10x_rcc.o(.text)
    RCC_APB2PeriphResetCmd                   0x080016e5   Thumb Code    26  stm32f10x_rcc.o(.text)
    RCC_APB1PeriphResetCmd                   0x080016ff   Thumb Code    26  stm32f10x_rcc.o(.text)
    RCC_BackupResetCmd                       0x08001719   Thumb Code     8  stm32f10x_rcc.o(.text)
    RCC_ClockSecuritySystemCmd               0x08001721   Thumb Code     6  stm32f10x_rcc.o(.text)
    RCC_MCOConfig                            0x08001727   Thumb Code     6  stm32f10x_rcc.o(.text)
    RCC_ClearFlag                            0x0800172d   Thumb Code    14  stm32f10x_rcc.o(.text)
    RCC_GetITStatus                          0x0800173b   Thumb Code    20  stm32f10x_rcc.o(.text)
    RCC_ClearITPendingBit                    0x0800174f   Thumb Code     6  stm32f10x_rcc.o(.text)
    SPI_I2S_DeInit                           0x08001781   Thumb Code    76  stm32f10x_spi.o(.text)
    SPI_Init                                 0x080017cd   Thumb Code    60  stm32f10x_spi.o(.text)
    I2S_Init                                 0x08001809   Thumb Code   226  stm32f10x_spi.o(.text)
    SPI_StructInit                           0x080018eb   Thumb Code    24  stm32f10x_spi.o(.text)
    I2S_StructInit                           0x08001903   Thumb Code    20  stm32f10x_spi.o(.text)
    SPI_Cmd                                  0x08001917   Thumb Code    24  stm32f10x_spi.o(.text)
    I2S_Cmd                                  0x0800192f   Thumb Code    24  stm32f10x_spi.o(.text)
    SPI_I2S_ITConfig                         0x08001947   Thumb Code    32  stm32f10x_spi.o(.text)
    SPI_I2S_DMACmd                           0x08001967   Thumb Code    18  stm32f10x_spi.o(.text)
    SPI_I2S_SendData                         0x08001979   Thumb Code     4  stm32f10x_spi.o(.text)
    SPI_I2S_ReceiveData                      0x0800197d   Thumb Code     6  stm32f10x_spi.o(.text)
    SPI_NSSInternalSoftwareConfig            0x08001983   Thumb Code    30  stm32f10x_spi.o(.text)
    SPI_SSOutputCmd                          0x080019a1   Thumb Code    24  stm32f10x_spi.o(.text)
    SPI_DataSizeConfig                       0x080019b9   Thumb Code    18  stm32f10x_spi.o(.text)
    SPI_TransmitCRC                          0x080019cb   Thumb Code    10  stm32f10x_spi.o(.text)
    SPI_CalculateCRC                         0x080019d5   Thumb Code    24  stm32f10x_spi.o(.text)
    SPI_GetCRC                               0x080019ed   Thumb Code    16  stm32f10x_spi.o(.text)
    SPI_GetCRCPolynomial                     0x080019fd   Thumb Code     6  stm32f10x_spi.o(.text)
    SPI_BiDirectionalLineConfig              0x08001a03   Thumb Code    28  stm32f10x_spi.o(.text)
    SPI_I2S_GetFlagStatus                    0x08001a1f   Thumb Code    18  stm32f10x_spi.o(.text)
    SPI_I2S_ClearFlag                        0x08001a31   Thumb Code     6  stm32f10x_spi.o(.text)
    SPI_I2S_GetITStatus                      0x08001a37   Thumb Code    52  stm32f10x_spi.o(.text)
    SPI_I2S_ClearITPendingBit                0x08001a6b   Thumb Code    20  stm32f10x_spi.o(.text)
    TIM_DeInit                               0x08001a8d   Thumb Code   424  stm32f10x_tim.o(.text)
    TIM_TimeBaseInit                         0x08001c35   Thumb Code   122  stm32f10x_tim.o(.text)
    TIM_OC1Init                              0x08001caf   Thumb Code   132  stm32f10x_tim.o(.text)
    TIM_OC2Init                              0x08001d33   Thumb Code   154  stm32f10x_tim.o(.text)
    TIM_OC3Init                              0x08001dcd   Thumb Code   150  stm32f10x_tim.o(.text)
    TIM_OC4Init                              0x08001e63   Thumb Code   182  stm32f10x_tim.o(.text)
    TIM_SetIC4Prescaler                      0x08001f19   Thumb Code    26  stm32f10x_tim.o(.text)
    TIM_SetIC3Prescaler                      0x08001fb5   Thumb Code    18  stm32f10x_tim.o(.text)
    TIM_SetIC2Prescaler                      0x08002041   Thumb Code    26  stm32f10x_tim.o(.text)
    TIM_SetIC1Prescaler                      0x080020dd   Thumb Code    18  stm32f10x_tim.o(.text)
    TIM_ICInit                               0x0800215b   Thumb Code   150  stm32f10x_tim.o(.text)
    TIM_PWMIConfig                           0x080021f1   Thumb Code   124  stm32f10x_tim.o(.text)
    TIM_BDTRConfig                           0x0800226d   Thumb Code    32  stm32f10x_tim.o(.text)
    TIM_TimeBaseStructInit                   0x0800228d   Thumb Code    18  stm32f10x_tim.o(.text)
    TIM_OCStructInit                         0x0800229f   Thumb Code    20  stm32f10x_tim.o(.text)
    TIM_ICStructInit                         0x080022b3   Thumb Code    18  stm32f10x_tim.o(.text)
    TIM_BDTRStructInit                       0x080022c5   Thumb Code    40  stm32f10x_tim.o(.text)
    TIM_Cmd                                  0x080022ed   Thumb Code    24  stm32f10x_tim.o(.text)
    TIM_CtrlPWMOutputs                       0x08002305   Thumb Code    30  stm32f10x_tim.o(.text)
    TIM_ITConfig                             0x08002323   Thumb Code    18  stm32f10x_tim.o(.text)
    TIM_GenerateEvent                        0x08002335   Thumb Code     4  stm32f10x_tim.o(.text)
    TIM_DMAConfig                            0x08002339   Thumb Code    10  stm32f10x_tim.o(.text)
    TIM_DMACmd                               0x08002343   Thumb Code    18  stm32f10x_tim.o(.text)
    TIM_InternalClockConfig                  0x08002355   Thumb Code    12  stm32f10x_tim.o(.text)
    TIM_SelectInputTrigger                   0x08002361   Thumb Code    18  stm32f10x_tim.o(.text)
    TIM_ITRxExternalClockConfig              0x08002373   Thumb Code    24  stm32f10x_tim.o(.text)
    TIM_TIxExternalClockConfig               0x0800238b   Thumb Code    62  stm32f10x_tim.o(.text)
    TIM_ETRConfig                            0x080023c9   Thumb Code    28  stm32f10x_tim.o(.text)
    TIM_ETRClockMode1Config                  0x080023e5   Thumb Code    54  stm32f10x_tim.o(.text)
    TIM_ETRClockMode2Config                  0x0800241b   Thumb Code    32  stm32f10x_tim.o(.text)
    TIM_PrescalerConfig                      0x0800243b   Thumb Code     6  stm32f10x_tim.o(.text)
    TIM_CounterModeConfig                    0x08002441   Thumb Code    18  stm32f10x_tim.o(.text)
    TIM_EncoderInterfaceConfig               0x08002453   Thumb Code    66  stm32f10x_tim.o(.text)
    TIM_ForcedOC1Config                      0x08002495   Thumb Code    18  stm32f10x_tim.o(.text)
    TIM_ForcedOC2Config                      0x080024a7   Thumb Code    26  stm32f10x_tim.o(.text)
    TIM_ForcedOC3Config                      0x080024c1   Thumb Code    18  stm32f10x_tim.o(.text)
    TIM_ForcedOC4Config                      0x080024d3   Thumb Code    26  stm32f10x_tim.o(.text)
    TIM_ARRPreloadConfig                     0x080024ed   Thumb Code    24  stm32f10x_tim.o(.text)
    TIM_SelectCOM                            0x08002505   Thumb Code    24  stm32f10x_tim.o(.text)
    TIM_SelectCCDMA                          0x0800251d   Thumb Code    24  stm32f10x_tim.o(.text)
    TIM_CCPreloadControl                     0x08002535   Thumb Code    24  stm32f10x_tim.o(.text)
    TIM_OC1PreloadConfig                     0x0800254d   Thumb Code    18  stm32f10x_tim.o(.text)
    TIM_OC2PreloadConfig                     0x0800255f   Thumb Code    26  stm32f10x_tim.o(.text)
    TIM_OC3PreloadConfig                     0x08002579   Thumb Code    18  stm32f10x_tim.o(.text)
    TIM_OC4PreloadConfig                     0x0800258b   Thumb Code    26  stm32f10x_tim.o(.text)
    TIM_OC1FastConfig                        0x080025a5   Thumb Code    18  stm32f10x_tim.o(.text)
    TIM_OC2FastConfig                        0x080025b7   Thumb Code    26  stm32f10x_tim.o(.text)
    TIM_OC3FastConfig                        0x080025d1   Thumb Code    18  stm32f10x_tim.o(.text)
    TIM_OC4FastConfig                        0x080025e3   Thumb Code    26  stm32f10x_tim.o(.text)
    TIM_ClearOC1Ref                          0x080025fd   Thumb Code    18  stm32f10x_tim.o(.text)
    TIM_ClearOC2Ref                          0x0800260f   Thumb Code    24  stm32f10x_tim.o(.text)
    TIM_ClearOC3Ref                          0x08002627   Thumb Code    18  stm32f10x_tim.o(.text)
    TIM_ClearOC4Ref                          0x08002639   Thumb Code    24  stm32f10x_tim.o(.text)
    TIM_OC1PolarityConfig                    0x08002651   Thumb Code    18  stm32f10x_tim.o(.text)
    TIM_OC1NPolarityConfig                   0x08002663   Thumb Code    18  stm32f10x_tim.o(.text)
    TIM_OC2PolarityConfig                    0x08002675   Thumb Code    26  stm32f10x_tim.o(.text)
    TIM_OC2NPolarityConfig                   0x0800268f   Thumb Code    26  stm32f10x_tim.o(.text)
    TIM_OC3PolarityConfig                    0x080026a9   Thumb Code    26  stm32f10x_tim.o(.text)
    TIM_OC3NPolarityConfig                   0x080026c3   Thumb Code    26  stm32f10x_tim.o(.text)
    TIM_OC4PolarityConfig                    0x080026dd   Thumb Code    26  stm32f10x_tim.o(.text)
    TIM_CCxCmd                               0x080026f7   Thumb Code    30  stm32f10x_tim.o(.text)
    TIM_CCxNCmd                              0x08002715   Thumb Code    30  stm32f10x_tim.o(.text)
    TIM_SelectOCxM                           0x08002733   Thumb Code    82  stm32f10x_tim.o(.text)
    TIM_UpdateDisableConfig                  0x08002785   Thumb Code    24  stm32f10x_tim.o(.text)
    TIM_UpdateRequestConfig                  0x0800279d   Thumb Code    24  stm32f10x_tim.o(.text)
    TIM_SelectHallSensor                     0x080027b5   Thumb Code    24  stm32f10x_tim.o(.text)
    TIM_SelectOnePulseMode                   0x080027cd   Thumb Code    18  stm32f10x_tim.o(.text)
    TIM_SelectOutputTrigger                  0x080027df   Thumb Code    18  stm32f10x_tim.o(.text)
    TIM_SelectSlaveMode                      0x080027f1   Thumb Code    18  stm32f10x_tim.o(.text)
    TIM_SelectMasterSlaveMode                0x08002803   Thumb Code    18  stm32f10x_tim.o(.text)
    TIM_SetCounter                           0x08002815   Thumb Code     4  stm32f10x_tim.o(.text)
    TIM_SetAutoreload                        0x08002819   Thumb Code     4  stm32f10x_tim.o(.text)
    TIM_SetCompare1                          0x0800281d   Thumb Code     4  stm32f10x_tim.o(.text)
    TIM_SetCompare2                          0x08002821   Thumb Code     4  stm32f10x_tim.o(.text)
    TIM_SetCompare3                          0x08002825   Thumb Code     4  stm32f10x_tim.o(.text)
    TIM_SetCompare4                          0x08002829   Thumb Code     6  stm32f10x_tim.o(.text)
    TIM_SetClockDivision                     0x0800282f   Thumb Code    18  stm32f10x_tim.o(.text)
    TIM_GetCapture1                          0x08002841   Thumb Code     6  stm32f10x_tim.o(.text)
    TIM_GetCapture2                          0x08002847   Thumb Code     6  stm32f10x_tim.o(.text)
    TIM_GetCapture3                          0x0800284d   Thumb Code     6  stm32f10x_tim.o(.text)
    TIM_GetCapture4                          0x08002853   Thumb Code     8  stm32f10x_tim.o(.text)
    TIM_GetCounter                           0x0800285b   Thumb Code     6  stm32f10x_tim.o(.text)
    TIM_GetPrescaler                         0x08002861   Thumb Code     6  stm32f10x_tim.o(.text)
    TIM_GetFlagStatus                        0x08002867   Thumb Code    18  stm32f10x_tim.o(.text)
    TIM_ClearFlag                            0x08002879   Thumb Code     6  stm32f10x_tim.o(.text)
    TIM_GetITStatus                          0x0800287f   Thumb Code    34  stm32f10x_tim.o(.text)
    TIM_ClearITPendingBit                    0x080028a1   Thumb Code     6  stm32f10x_tim.o(.text)
    USART_DeInit                             0x080028a9   Thumb Code   134  stm32f10x_usart.o(.text)
    USART_Init                               0x0800292f   Thumb Code   210  stm32f10x_usart.o(.text)
    USART_StructInit                         0x08002a01   Thumb Code    24  stm32f10x_usart.o(.text)
    USART_ClockInit                          0x08002a19   Thumb Code    34  stm32f10x_usart.o(.text)
    USART_ClockStructInit                    0x08002a3b   Thumb Code    12  stm32f10x_usart.o(.text)
    USART_Cmd                                0x08002a47   Thumb Code    24  stm32f10x_usart.o(.text)
    USART_ITConfig                           0x08002a5f   Thumb Code    74  stm32f10x_usart.o(.text)
    USART_DMACmd                             0x08002aa9   Thumb Code    18  stm32f10x_usart.o(.text)
    USART_SetAddress                         0x08002abb   Thumb Code    18  stm32f10x_usart.o(.text)
    USART_WakeUpConfig                       0x08002acd   Thumb Code    18  stm32f10x_usart.o(.text)
    USART_ReceiverWakeUpCmd                  0x08002adf   Thumb Code    24  stm32f10x_usart.o(.text)
    USART_LINBreakDetectLengthConfig         0x08002af7   Thumb Code    18  stm32f10x_usart.o(.text)
    USART_LINCmd                             0x08002b09   Thumb Code    24  stm32f10x_usart.o(.text)
    USART_SendData                           0x08002b21   Thumb Code     8  stm32f10x_usart.o(.text)
    USART_ReceiveData                        0x08002b29   Thumb Code    10  stm32f10x_usart.o(.text)
    USART_SendBreak                          0x08002b33   Thumb Code    10  stm32f10x_usart.o(.text)
    USART_SetGuardTime                       0x08002b3d   Thumb Code    16  stm32f10x_usart.o(.text)
    USART_SetPrescaler                       0x08002b4d   Thumb Code    16  stm32f10x_usart.o(.text)
    USART_SmartCardCmd                       0x08002b5d   Thumb Code    24  stm32f10x_usart.o(.text)
    USART_SmartCardNACKCmd                   0x08002b75   Thumb Code    24  stm32f10x_usart.o(.text)
    USART_HalfDuplexCmd                      0x08002b8d   Thumb Code    24  stm32f10x_usart.o(.text)
    USART_OverSampling8Cmd                   0x08002ba5   Thumb Code    22  stm32f10x_usart.o(.text)
    USART_OneBitMethodCmd                    0x08002bbb   Thumb Code    24  stm32f10x_usart.o(.text)
    USART_IrDAConfig                         0x08002bd3   Thumb Code    18  stm32f10x_usart.o(.text)
    USART_IrDACmd                            0x08002be5   Thumb Code    24  stm32f10x_usart.o(.text)
    USART_GetFlagStatus                      0x08002bfd   Thumb Code    26  stm32f10x_usart.o(.text)
    USART_ClearFlag                          0x08002c17   Thumb Code    18  stm32f10x_usart.o(.text)
    USART_GetITStatus                        0x08002c29   Thumb Code    84  stm32f10x_usart.o(.text)
    USART_ClearITPendingBit                  0x08002c7d   Thumb Code    52  stm32f10x_usart.o(.text)
    IIR_I_Filter                             0x08002cb1   Thumb Code   242  algorithm_filter.o(.text)
    KalmanFilter                             0x08002da3   Thumb Code   170  algorithm_filter.o(.text)
    Q_rsqrt                                  0x08002e51   Thumb Code    74  algorithm_math.o(.text)
    array_astrict                            0x08002e9b   Thumb Code    46  algorithm_math.o(.text)
    array_assign                             0x08002ec9   Thumb Code    24  algorithm_math.o(.text)
    data_limit                               0x08002ee1   Thumb Code    36  algorithm_math.o(.text)
    VariableParameter                        0x08002f05   Thumb Code    92  algorithm_math.o(.text)
    FL_ABS                                   0x08002f61   Thumb Code    24  algorithm_math.o(.text)
    COS                                      0x08002f79   Thumb Code    42  algorithm_math.o(.text)
    SIN                                      0x08002fa3   Thumb Code    46  algorithm_math.o(.text)
    ADC1_Init                                0x080030e5   Thumb Code    12  adc.o(.text)
    LED_Init                                 0x08003101   Thumb Code    88  led.o(.text)
    LED_Sailing                              0x08003159   Thumb Code   126  led.o(.text)
    SPI1_ReadWriteByte                       0x080031e9   Thumb Code    78  spi.o(.text)
    SPI1_Config                              0x08003237   Thumb Code   218  spi.o(.text)
    SPI1_SetSpeed                            0x08003311   Thumb Code    36  spi.o(.text)
    I2C_INIT                                 0x08003341   Thumb Code    64  i2c.o(.text)
    I2C_delay                                0x08003381   Thumb Code     4  i2c.o(.text)
    delay5ms                                 0x08003385   Thumb Code    14  i2c.o(.text)
    I2C_Start                                0x08003393   Thumb Code    86  i2c.o(.text)
    I2C_Stop                                 0x080033e9   Thumb Code    52  i2c.o(.text)
    I2C_Ack                                  0x0800341d   Thumb Code    52  i2c.o(.text)
    I2C_NoAck                                0x08003451   Thumb Code    52  i2c.o(.text)
    I2C_WaitAck                              0x08003485   Thumb Code    82  i2c.o(.text)
    I2C_SendByte                             0x080034d7   Thumb Code    82  i2c.o(.text)
    I2C_RadeByte                             0x08003529   Thumb Code    80  i2c.o(.text)
    Single_Write                             0x08003579   Thumb Code    70  i2c.o(.text)
    Single_Write_MS5611                      0x080035bf   Thumb Code    58  i2c.o(.text)
    Single_Read                              0x080035f9   Thumb Code    80  i2c.o(.text)
    Delay                                    0x0800364d   Thumb Code    18  key.o(.text)
    KEY_Init                                 0x0800365f   Thumb Code    40  key.o(.text)
    Key_Scan                                 0x08003687   Thumb Code   286  key.o(.text)
    OLED_WrDat                               0x080037a9   Thumb Code    86  oled.o(.text)
    OLED_WrCmd                               0x080037ff   Thumb Code    84  oled.o(.text)
    OLED_Set_Pos                             0x08003853   Thumb Code    36  oled.o(.text)
    OLED_Fill                                0x08003877   Thumb Code    58  oled.o(.text)
    OLED_CLS                                 0x080038b1   Thumb Code    56  oled.o(.text)
    OLED_DLY_ms                              0x080038e9   Thumb Code    24  oled.o(.text)
    adjust                                   0x08003901   Thumb Code    12  oled.o(.text)
    SetStartColumn                           0x0800390d   Thumb Code    44  oled.o(.text)
    SetAddressingMode                        0x08003939   Thumb Code    18  oled.o(.text)
    SetColumnAddress                         0x0800394b   Thumb Code    26  oled.o(.text)
    SetPageAddress                           0x08003965   Thumb Code    26  oled.o(.text)
    SetStartLine                             0x0800397f   Thumb Code    14  oled.o(.text)
    SetContrastControl                       0x0800398d   Thumb Code    18  oled.o(.text)
    Set_Charge_Pump                          0x0800399f   Thumb Code    20  oled.o(.text)
    Set_Segment_Remap                        0x080039b3   Thumb Code    14  oled.o(.text)
    Set_Entire_Display                       0x080039c1   Thumb Code    14  oled.o(.text)
    Set_Inverse_Display                      0x080039cf   Thumb Code    14  oled.o(.text)
    Set_Multiplex_Ratio                      0x080039dd   Thumb Code    18  oled.o(.text)
    Set_Display_On_Off                       0x080039ef   Thumb Code    14  oled.o(.text)
    SetStartPage                             0x080039fd   Thumb Code    14  oled.o(.text)
    Set_Common_Remap                         0x08003a0b   Thumb Code    14  oled.o(.text)
    Set_Display_Offset                       0x08003a19   Thumb Code    18  oled.o(.text)
    Set_Display_Clock                        0x08003a2b   Thumb Code    18  oled.o(.text)
    Set_Precharge_Period                     0x08003a3d   Thumb Code    18  oled.o(.text)
    Set_Common_Config                        0x08003a4f   Thumb Code    20  oled.o(.text)
    Set_VCOMH                                0x08003a63   Thumb Code    18  oled.o(.text)
    Set_NOP                                  0x08003a75   Thumb Code    10  oled.o(.text)
    OLED_Init                                0x08003a7f   Thumb Code   232  oled.o(.text)
    OLED_PutPixel                            0x08003b67   Thumb Code    80  oled.o(.text)
    OLED_Rectangle                           0x08003bb7   Thumb Code   484  oled.o(.text)
    OLED_P6x8Str                             0x08003d9b   Thumb Code    96  oled.o(.text)
    OLED_P8x16Str                            0x08003dfb   Thumb Code   130  oled.o(.text)
    OLED_P14x16Str                           0x08003e7d   Thumb Code   246  oled.o(.text)
    OLED_Print                               0x08003f73   Thumb Code   100  oled.o(.text)
    Dis_Char                                 0x08003fd7   Thumb Code    34  oled.o(.text)
    Dis_String                               0x08003ff9   Thumb Code   104  oled.o(.text)
    Dis_Num                                  0x08004061   Thumb Code   160  oled.o(.text)
    Dis_Float                                0x08004101   Thumb Code   464  oled.o(.text)
    Dis_Float2                               0x080042d1   Thumb Code   360  oled.o(.text)
    Draw_BMP                                 0x08004439   Thumb Code   116  oled.o(.text)
    Draw_LQLogo                              0x080044ad   Thumb Code    50  oled.o(.text)
    Draw_LibLogo                             0x080044df   Thumb Code    50  oled.o(.text)
    OLED_P8x16Num_8bit                       0x08004511   Thumb Code    60  oled.o(.text)
    OLED_P6x8Num_8bit                        0x0800454d   Thumb Code    60  oled.o(.text)
    OLED_Num                                 0x08004589   Thumb Code    60  oled.o(.text)
    OLED_3num                                0x080045c5   Thumb Code    90  oled.o(.text)
    OLED_4num                                0x0800461f   Thumb Code   134  oled.o(.text)
    OLED_Num5                                0x080046a5   Thumb Code   172  oled.o(.text)
    Tim2_init                                0x08004751   Thumb Code   168  moto.o(.text)
    Moto_Init                                0x080047f9   Thumb Code    42  moto.o(.text)
    Moto_PwmRflash                           0x08004823   Thumb Code    74  moto.o(.text)
    TIM3_Init                                0x08004879   Thumb Code    74  time.o(.text)
    Nvic_Init                                0x080048c3   Thumb Code   100  time.o(.text)
    usart1_config                            0x0800492d   Thumb Code   114  usart.o(.text)
    UART1_Put_Char                           0x0800499f   Thumb Code    28  usart.o(.text)
    fputc                                    0x080049bb   Thumb Code    30  usart.o(.text)
    USART1_printf                            0x08004a3b   Thumb Code   262  usart.o(.text)
    usart3_config                            0x08004b41   Thumb Code   148  usart.o(.text)
    UART3_Put_Char                           0x08004bd5   Thumb Code    28  usart.o(.text)
    Uart2_IRQ                                0x08004bf1   Thumb Code     2  usart.o(.text)
    delay_init                               0x08004c09   Thumb Code    56  delay.o(.text)
    delay_ms                                 0x08004c41   Thumb Code    54  delay.o(.text)
    delay_us                                 0x08004c77   Thumb Code    54  delay.o(.text)
    delay                                    0x08004cad   Thumb Code    24  delay.o(.text)
    InitCurrWrAddress                        0x08004d1b   Thumb Code    92  eeprom.o(.text)
    EE_ReadVariable                          0x08004e29   Thumb Code    90  eeprom.o(.text)
    __EE_Init                                0x08004e83   Thumb Code   490  eeprom.o(.text)
    EE_Init                                  0x0800506d   Thumb Code    16  eeprom.o(.text)
    EE_WriteVariable                         0x08005177   Thumb Code    36  eeprom.o(.text)
    MS561101BA_RESET                         0x080051ad   Thumb Code    32  ms5611.o(.text)
    MS5611_init                              0x080051cd   Thumb Code   136  ms5611.o(.text)
    MS561101BA_startConversion               0x08005255   Thumb Code    34  ms5611.o(.text)
    MS561101BA_getConversion                 0x08005277   Thumb Code    98  ms5611.o(.text)
    MS561101BA_getTemperature                0x080052d9   Thumb Code   182  ms5611.o(.text)
    MS561101BA_getPressure                   0x0800538f   Thumb Code   486  ms5611.o(.text)
    Get_High                                 0x08005575   Thumb Code    80  ms5611.o(.text)
    InitMPU6050                              0x08005625   Thumb Code    74  mpu6050.o(.text)
    MPU6050_Read                             0x0800566f   Thumb Code   148  mpu6050.o(.text)
    MPU6050_Dataanl                          0x08005703   Thumb Code   584  mpu6050.o(.text)
    Gyro_OFFEST                              0x0800594b   Thumb Code   160  mpu6050.o(.text)
    UART1_ReportIMU                          0x080059eb   Thumb Code   552  mpu6050.o(.text)
    Init_HMC5883L                            0x08005c29   Thumb Code    18  hmc5883.o(.text)
    Multiple_Read_HMC5883L                   0x08005c3b   Thumb Code   352  hmc5883.o(.text)
    NRF24L01_Init                            0x08005dd9   Thumb Code    24  nrf24l01.o(.text)
    NRF24L01_Read_Buf                        0x08005df1   Thumb Code    60  nrf24l01.o(.text)
    NRF24L01_Write_Buf                       0x08005e2d   Thumb Code    60  nrf24l01.o(.text)
    NRF24L01_Check                           0x08005e69   Thumb Code    72  nrf24l01.o(.text)
    NRF24L01_Write_Reg                       0x08005eb1   Thumb Code    40  nrf24l01.o(.text)
    NRF24L01_Read_Reg                        0x08005ed9   Thumb Code    38  nrf24l01.o(.text)
    NRF24L01_TxPacket                        0x08005eff   Thumb Code    98  nrf24l01.o(.text)
    NRF24L01_RxPacket                        0x08005f61   Thumb Code    58  nrf24l01.o(.text)
    NRF24L01_Mode                            0x08005f9b   Thumb Code   236  nrf24l01.o(.text)
    TIM4_Cap_Init                            0x080060a1   Thumb Code   294  tim_pwm_in.o(.text)
    TIM4_IRQHandler                          0x080061c7   Thumb Code   468  tim_pwm_in.o(.text)
    RC_Data_Refine                           0x0800639b   Thumb Code   338  tim_pwm_in.o(.text)
    main                                     0x080064ed   Thumb Code    56  main.o(.text)
    TIM3_IRQHandler                          0x0800652d   Thumb Code    92  stm32f10x_it.o(.text)
    USART3_IRQHandler                        0x08006589   Thumb Code   348  stm32f10x_it.o(.text)
    NMI_Handler                              0x080066e5   Thumb Code     2  stm32f10x_it.o(.text)
    HardFault_Handler                        0x080066e7   Thumb Code     4  stm32f10x_it.o(.text)
    MemManage_Handler                        0x080066eb   Thumb Code     4  stm32f10x_it.o(.text)
    BusFault_Handler                         0x080066ef   Thumb Code     4  stm32f10x_it.o(.text)
    UsageFault_Handler                       0x080066f3   Thumb Code     4  stm32f10x_it.o(.text)
    SVC_Handler                              0x080066f7   Thumb Code     2  stm32f10x_it.o(.text)
    DebugMon_Handler                         0x080066f9   Thumb Code     2  stm32f10x_it.o(.text)
    PendSV_Handler                           0x080066fb   Thumb Code     2  stm32f10x_it.o(.text)
    SysTick_Handler                          0x080066fd   Thumb Code     2  stm32f10x_it.o(.text)
    Prepare_Data                             0x08006735   Thumb Code   178  imu.o(.text)
    IMUupdate                                0x080067e7   Thumb Code  1798  imu.o(.text)
    Get_Attitude                             0x08006eed   Thumb Code    58  imu.o(.text)
    IAC_Init                                 0x08006f61   Thumb Code    70  app.o(.text)
    Sensor_Init                              0x08006fa7   Thumb Code    46  app.o(.text)
    State_Display                            0x08006fd5   Thumb Code   162  app.o(.text)
    BATTDispaly                              0x08007077   Thumb Code   226  app.o(.text)
    EE_SAVE_ACC_OFFSET                       0x0800725b   Thumb Code    52  param.o(.text)
    paramLoad                                0x0800728f   Thumb Code   116  param.o(.text)
    CONTROL                                  0x08007335   Thumb Code  1536  control.o(.text)
    ALGH_set                                 0x08007935   Thumb Code   224  control.o(.text)
    Deblocking                               0x08007a15   Thumb Code   204  control.o(.text)
    __aeabi_uldivmod                         0x08007b09   Thumb Code    98  uldiv.o(.text)
    __aeabi_fadd                             0x08007b6b   Thumb Code   164  fadd.o(.text)
    __aeabi_fsub                             0x08007c0f   Thumb Code     6  fadd.o(.text)
    __aeabi_frsub                            0x08007c15   Thumb Code     6  fadd.o(.text)
    __aeabi_fmul                             0x08007c1b   Thumb Code   108  fmul.o(.text)
    __aeabi_fdiv                             0x08007c87   Thumb Code   128  fdiv.o(.text)
    __aeabi_dadd                             0x08007d07   Thumb Code   322  dadd.o(.text)
    __aeabi_dsub                             0x08007e49   Thumb Code     6  dadd.o(.text)
    __aeabi_drsub                            0x08007e4f   Thumb Code     6  dadd.o(.text)
    __aeabi_dmul                             0x08007e55   Thumb Code   228  dmul.o(.text)
    __aeabi_ddiv                             0x08007f39   Thumb Code   222  ddiv.o(.text)
    __aeabi_i2f                              0x08008017   Thumb Code    18  fflti.o(.text)
    __aeabi_ui2f                             0x08008029   Thumb Code    10  ffltui.o(.text)
    __aeabi_ul2f                             0x08008033   Thumb Code    28  ffltul.o(.text)
    __aeabi_i2d                              0x0800804f   Thumb Code    34  dflti.o(.text)
    __aeabi_ui2d                             0x08008071   Thumb Code    26  dfltui.o(.text)
    __aeabi_ul2d                             0x0800808b   Thumb Code    24  dfltul.o(.text)
    __aeabi_f2iz                             0x080080a3   Thumb Code    50  ffixi.o(.text)
    __aeabi_d2iz                             0x080080d5   Thumb Code    62  dfixi.o(.text)
    __aeabi_d2uiz                            0x08008113   Thumb Code    50  dfixui.o(.text)
    __aeabi_f2d                              0x08008145   Thumb Code    38  f2d.o(.text)
    __aeabi_cdcmpeq                          0x0800816d   Thumb Code     0  cdcmple.o(.text)
    __aeabi_cdcmple                          0x0800816d   Thumb Code    38  cdcmple.o(.text)
    __aeabi_d2f                              0x08008195   Thumb Code    56  d2f.o(.text)
    __aeabi_cfcmpeq                          0x080081cd   Thumb Code     0  cfcmple.o(.text)
    __aeabi_cfcmple                          0x080081cd   Thumb Code    20  cfcmple.o(.text)
    __aeabi_cfrcmple                         0x080081e1   Thumb Code    20  cfrcmple.o(.text)
    __aeabi_llsl                             0x080081f5   Thumb Code    30  llshl.o(.text)
    _ll_shift_l                              0x080081f5   Thumb Code     0  llshl.o(.text)
    __aeabi_llsr                             0x08008213   Thumb Code    32  llushr.o(.text)
    _ll_ushift_r                             0x08008213   Thumb Code     0  llushr.o(.text)
    __aeabi_lasr                             0x08008233   Thumb Code    36  llsshr.o(.text)
    _ll_sshift_r                             0x08008233   Thumb Code     0  llsshr.o(.text)
    __I$use$fp                               0x08008257   Thumb Code     0  iusefp.o(.text)
    _float_round                             0x08008257   Thumb Code    18  fepilogue.o(.text)
    _float_epilogue                          0x08008269   Thumb Code    90  fepilogue.o(.text)
    _double_round                            0x080082c3   Thumb Code    26  depilogue.o(.text)
    _double_epilogue                         0x080082dd   Thumb Code   164  depilogue.o(.text)
    __ARM_scalbn                             0x08008381   Thumb Code    46  dscalb.o(.text)
    scalbn                                   0x08008381   Thumb Code     0  dscalb.o(.text)
    __scatterload                            0x080083b1   Thumb Code    28  init.o(.text)
    __scatterload_rt2                        0x080083b1   Thumb Code     0  init.o(.text)
    _dsqrt                                   0x080083d5   Thumb Code   162  dsqrt.o(.text)
    __decompress                             0x08008477   Thumb Code     0  __dczerorl2.o(.text)
    __decompress1                            0x08008477   Thumb Code    92  __dczerorl2.o(.text)
    __ARM_fpclassify                         0x080084d3   Thumb Code    40  fpclassify.o(i.__ARM_fpclassify)
    __kernel_poly                            0x080084fb   Thumb Code   170  poly.o(i.__kernel_poly)
    __mathlib_dbl_underflow                  0x080085a5   Thumb Code    10  dunder.o(i.__mathlib_dbl_underflow)
    __scatterload_copy                       0x080085b5   Thumb Code    14  handlers.o(i.__scatterload_copy)
    __scatterload_null                       0x080085c3   Thumb Code     2  handlers.o(i.__scatterload_null)
    __scatterload_zeroinit                   0x080085c5   Thumb Code    14  handlers.o(i.__scatterload_zeroinit)
    __set_errno                              0x080085d5   Thumb Code     6  errno.o(i.__set_errno)
    asin                                     0x080085e1   Thumb Code   584  asin.o(i.asin)
    atan                                     0x0800885d   Thumb Code   478  atan.o(i.atan)
    atan2                                    0x08008a81   Thumb Code   346  atan2.o(i.atan2)
    sqrt                                     0x08008c01   Thumb Code    76  sqrt.o(i.sqrt)
    F6x8                                     0x08008c4c   Data         552  oled.o(.constdata)
    F14x16_Idx                               0x08008e74   Data          31  oled.o(.constdata)
    F14x16                                   0x08008e93   Data         420  oled.o(.constdata)
    F8X16                                    0x08009037   Data        1520  oled.o(.constdata)
    LIBLOGO60x58                             0x08009627   Data         480  oled.o(.constdata)
    __mathlib_zero                           0x080098f0   Data           8  qnan.o(.constdata)
    Region$$Table$$Base                      0x080098f8   Number         0  anon$$obj.o(Region$$Table)
    Region$$Table$$Limit                     0x08009918   Number         0  anon$$obj.o(Region$$Table)
    SystemCoreClock                          0x20000000   Data           4  system_stm32f10x.o(.data)
    AHBPrescTable                            0x20000004   Data          16  system_stm32f10x.o(.data)
    ADC_ConvertedValue                       0x20000028   Data           2  adc.o(.data)
    longqiu96x64                             0x2000002e   Data         768  oled.o(.data)
    DataVar                                  0x20000334   Data           2  eeprom.o(.data)
    CurWrAddress                             0x20000338   Data           4  eeprom.o(.data)
    OFF_                                     0x20000348   Data           8  ms5611.o(.data)
    Aux                                      0x20000350   Data           4  ms5611.o(.data)
    dT                                       0x20000358   Data           8  ms5611.o(.data)
    TEMP                                     0x20000360   Data           8  ms5611.o(.data)
    OFf                                      0x20000368   Data           8  ms5611.o(.data)
    SENS                                     0x20000370   Data           8  ms5611.o(.data)
    D1_Pres                                  0x20000378   Data           4  ms5611.o(.data)
    D2_Temp                                  0x2000037c   Data           4  ms5611.o(.data)
    Pressure                                 0x20000380   Data           4  ms5611.o(.data)
    Pressure_old                             0x20000384   Data           4  ms5611.o(.data)
    qqp                                      0x20000388   Data           4  ms5611.o(.data)
    TEMP2                                    0x2000038c   Data           4  ms5611.o(.data)
    T2                                       0x20000390   Data           4  ms5611.o(.data)
    OFF2                                     0x20000394   Data           4  ms5611.o(.data)
    SENS2                                    0x20000398   Data           4  ms5611.o(.data)
    ACC_OFFSET_OK                            0x2000039c   Data           1  mpu6050.o(.data)
    x_offest                                 0x200003b0   Data           2  hmc5883.o(.data)
    y_offest                                 0x200003b2   Data           2  hmc5883.o(.data)
    y_gain                                   0x200003b8   Data           8  hmc5883.o(.data)
    X_HMC                                    0x200003c2   Data           2  hmc5883.o(.data)
    Y_HMC                                    0x200003c4   Data           2  hmc5883.o(.data)
    Z_HMC                                    0x200003c6   Data           2  hmc5883.o(.data)
    x                                        0x200003c8   Data           2  hmc5883.o(.data)
    y                                        0x200003ca   Data           2  hmc5883.o(.data)
    z                                        0x200003cc   Data           2  hmc5883.o(.data)
    TX_ADDRESS                               0x200003ce   Data           5  nrf24l01.o(.data)
    RX_ADDRESS                               0x200003d3   Data           5  nrf24l01.o(.data)
    Rise                                     0x200003e2   Data           8  tim_pwm_in.o(.data)
    Drop                                     0x200003ea   Data           8  tim_pwm_in.o(.data)
    RC_Pwm_In                                0x200003f2   Data           8  tim_pwm_in.o(.data)
    RC_Pwm_In_his                            0x200003fa   Data           8  tim_pwm_in.o(.data)
    sentDateFlag                             0x20000402   Data           1  stm32f10x_it.o(.data)
    RxState                                  0x20000403   Data           1  stm32f10x_it.o(.data)
    b_IIR                                    0x20000408   Data          40  imu.o(.data)
    a_IIR                                    0x20000430   Data          40  imu.o(.data)
    q0                                       0x20000458   Data           4  imu.o(.data)
    q1                                       0x2000045c   Data           4  imu.o(.data)
    q2                                       0x20000460   Data           4  imu.o(.data)
    q3                                       0x20000464   Data           4  imu.o(.data)
    exInt                                    0x20000468   Data           4  imu.o(.data)
    eyInt                                    0x2000046c   Data           4  imu.o(.data)
    ezInt                                    0x20000470   Data           4  imu.o(.data)
    Init_State                               0x20000475   Data           4  app.o(.data)
    VirtAddVarTab                            0x2000047a   Data          30  param.o(.data)
    ARMED                                    0x20000498   Data           1  control.o(.data)
    Moto_duty                                0x200004ac   Data           8  control.o(.data)
    Cal_C                                    0x200004b8   Data          28  ms5611.o(.bss)
    Pres_BUFFER                              0x200004d4   Data          80  ms5611.o(.bss)
    Temp_BUFFER                              0x20000524   Data          40  ms5611.o(.bss)
    sensor                                   0x2000054c   Data          72  mpu6050.o(.bss)
    mpu6050_buffer                           0x20000594   Data          14  mpu6050.o(.bss)
    X_BUFF                                   0x200005a2   Data          20  hmc5883.o(.bss)
    Y_BUFF                                   0x200005b6   Data          20  hmc5883.o(.bss)
    Z_BUFF                                   0x200005ca   Data          20  hmc5883.o(.bss)
    Rc_Data                                  0x200005fe   Data          14  tim_pwm_in.o(.bss)
    RxBUffer                                 0x2000060c   Data          50  stm32f10x_it.o(.bss)
    InPut_IIR                                0x20000640   Data         120  imu.o(.bss)
    OutPut_IIR                               0x200006b8   Data         120  imu.o(.bss)
    angle                                    0x20000730   Data          12  imu.o(.bss)
    BATT                                     0x2000073c   Data          80  app.o(.bss)
    ctrl                                     0x2000078c   Data         220  control.o(.bss)
    __initial_sp                             0x20000c68   Data           0  startup_stm32f10x_hd.o(STACK)



==============================================================================

Memory Map of the image

  Image Entry point : 0x08000131

  Load Region LR_IROM1 (Base: 0x08000000, Size: 0x00009dd0, Max: 0x00040000, ABSOLUTE, COMPRESSED[0x00009b50])

    Execution Region ER_IROM1 (Base: 0x08000000, Size: 0x00009918, Max: 0x00040000, ABSOLUTE)

    Base Addr    Size         Type   Attr      Idx    E Section Name        Object

    0x08000000   0x00000130   Data   RO          116    RESET               startup_stm32f10x_hd.o
    0x08000130   0x00000000   Code   RO          888  * .ARM.Collect$$$$00000000  mc_w.l(entry.o)
    0x08000130   0x00000004   Code   RO          958    .ARM.Collect$$$$00000001  mc_w.l(entry2.o)
    0x08000134   0x00000004   Code   RO          961    .ARM.Collect$$$$00000004  mc_w.l(entry5.o)
    0x08000138   0x00000000   Code   RO          963    .ARM.Collect$$$$00000008  mc_w.l(entry7b.o)
    0x08000138   0x00000000   Code   RO          965    .ARM.Collect$$$$0000000A  mc_w.l(entry8b.o)
    0x08000138   0x00000008   Code   RO          966    .ARM.Collect$$$$0000000B  mc_w.l(entry9a.o)
    0x08000140   0x00000000   Code   RO          968    .ARM.Collect$$$$0000000D  mc_w.l(entry10a.o)
    0x08000140   0x00000000   Code   RO          970    .ARM.Collect$$$$0000000F  mc_w.l(entry11a.o)
    0x08000140   0x00000004   Code   RO          959    .ARM.Collect$$$$00002712  mc_w.l(entry2.o)
    0x08000144   0x000001dc   Code   RO           17    .text               system_stm32f10x.o
    0x08000320   0x00000024   Code   RO          117    .text               startup_stm32f10x_hd.o
    0x08000344   0x000000dc   Code   RO          121    .text               misc.o
    0x08000420   0x0000044e   Code   RO          137    .text               stm32f10x_adc.o
    0x0800086e   0x00000002   PAD
    0x08000870   0x00000250   Code   RO          221    .text               stm32f10x_dma.o
    0x08000ac0   0x000005bc   Code   RO          245    .text               stm32f10x_flash.o
    0x0800107c   0x00000360   Code   RO          269    .text               stm32f10x_gpio.o
    0x080013dc   0x000003a4   Code   RO          317    .text               stm32f10x_rcc.o
    0x08001780   0x0000030c   Code   RO          355    .text               stm32f10x_spi.o
    0x08001a8c   0x00000e1a   Code   RO          367    .text               stm32f10x_tim.o
    0x080028a6   0x00000002   PAD
    0x080028a8   0x00000408   Code   RO          379    .text               stm32f10x_usart.o
    0x08002cb0   0x000001a0   Code   RO          403    .text               algorithm_filter.o
    0x08002e50   0x00000198   Code   RO          500    .text               algorithm_math.o
    0x08002fe8   0x00000118   Code   RO          512    .text               adc.o
    0x08003100   0x000000e8   Code   RO          530    .text               led.o
    0x080031e8   0x00000158   Code   RO          543    .text               spi.o
    0x08003340   0x0000030c   Code   RO          555    .text               i2c.o
    0x0800364c   0x0000015c   Code   RO          567    .text               key.o
    0x080037a8   0x00000fa8   Code   RO          579    .text               oled.o
    0x08004750   0x00000128   Code   RO          598    .text               moto.o
    0x08004878   0x000000b4   Code   RO          610    .text               time.o
    0x0800492c   0x000002dc   Code   RO          622    .text               usart.o
    0x08004c08   0x000000c4   Code   RO          644    .text               delay.o
    0x08004ccc   0x000004e0   Code   RO          658    .text               eeprom.o
    0x080051ac   0x00000478   Code   RO          674    .text               ms5611.o
    0x08005624   0x00000604   Code   RO          690    .text               mpu6050.o
    0x08005c28   0x000001b0   Code   RO          710    .text               hmc5883.o
    0x08005dd8   0x000002c8   Code   RO          729    .text               nrf24l01.o
    0x080060a0   0x0000044c   Code   RO          744    .text               tim_pwm_in.o
    0x080064ec   0x00000040   Code   RO          763    .text               main.o
    0x0800652c   0x00000208   Code   RO          779    .text               stm32f10x_it.o
    0x08006734   0x0000082c   Code   RO          798    .text               imu.o
    0x08006f60   0x000002d4   Code   RO          817    .text               app.o
    0x08007234   0x00000100   Code   RO          833    .text               param.o
    0x08007334   0x000007d4   Code   RO          851    .text               control.o
    0x08007b08   0x00000062   Code   RO          891    .text               mc_w.l(uldiv.o)
    0x08007b6a   0x000000b0   Code   RO          893    .text               mf_w.l(fadd.o)
    0x08007c1a   0x0000006c   Code   RO          895    .text               mf_w.l(fmul.o)
    0x08007c86   0x00000080   Code   RO          897    .text               mf_w.l(fdiv.o)
    0x08007d06   0x0000014e   Code   RO          899    .text               mf_w.l(dadd.o)
    0x08007e54   0x000000e4   Code   RO          901    .text               mf_w.l(dmul.o)
    0x08007f38   0x000000de   Code   RO          903    .text               mf_w.l(ddiv.o)
    0x08008016   0x00000012   Code   RO          905    .text               mf_w.l(fflti.o)
    0x08008028   0x0000000a   Code   RO          907    .text               mf_w.l(ffltui.o)
    0x08008032   0x0000001c   Code   RO          909    .text               mf_w.l(ffltul.o)
    0x0800804e   0x00000022   Code   RO          911    .text               mf_w.l(dflti.o)
    0x08008070   0x0000001a   Code   RO          913    .text               mf_w.l(dfltui.o)
    0x0800808a   0x00000018   Code   RO          915    .text               mf_w.l(dfltul.o)
    0x080080a2   0x00000032   Code   RO          917    .text               mf_w.l(ffixi.o)
    0x080080d4   0x0000003e   Code   RO          919    .text               mf_w.l(dfixi.o)
    0x08008112   0x00000032   Code   RO          921    .text               mf_w.l(dfixui.o)
    0x08008144   0x00000026   Code   RO          923    .text               mf_w.l(f2d.o)
    0x0800816a   0x00000002   PAD
    0x0800816c   0x00000028   Code   RO          925    .text               mf_w.l(cdcmple.o)
    0x08008194   0x00000038   Code   RO          927    .text               mf_w.l(d2f.o)
    0x080081cc   0x00000014   Code   RO          929    .text               mf_w.l(cfcmple.o)
    0x080081e0   0x00000014   Code   RO          931    .text               mf_w.l(cfrcmple.o)
    0x080081f4   0x0000001e   Code   RO          972    .text               mc_w.l(llshl.o)
    0x08008212   0x00000020   Code   RO          974    .text               mc_w.l(llushr.o)
    0x08008232   0x00000024   Code   RO          976    .text               mc_w.l(llsshr.o)
    0x08008256   0x00000000   Code   RO          985    .text               mc_w.l(iusefp.o)
    0x08008256   0x0000006c   Code   RO          986    .text               mf_w.l(fepilogue.o)
    0x080082c2   0x000000be   Code   RO          988    .text               mf_w.l(depilogue.o)
    0x08008380   0x0000002e   Code   RO          990    .text               mf_w.l(dscalb.o)
    0x080083ae   0x00000002   PAD
    0x080083b0   0x00000024   Code   RO          992    .text               mc_w.l(init.o)
    0x080083d4   0x000000a2   Code   RO          994    .text               mf_w.l(dsqrt.o)
    0x08008476   0x0000005c   Code   RO         1004    .text               mc_w.l(__dczerorl2.o)
    0x080084d2   0x00000028   Code   RO          945    i.__ARM_fpclassify  m_ws.l(fpclassify.o)
    0x080084fa   0x000000aa   Code   RO          947    i.__kernel_poly     m_ws.l(poly.o)
    0x080085a4   0x00000010   Code   RO          943    i.__mathlib_dbl_underflow  m_ws.l(dunder.o)
    0x080085b4   0x0000000e   Code   RO          998    i.__scatterload_copy  mc_w.l(handlers.o)
    0x080085c2   0x00000002   Code   RO          999    i.__scatterload_null  mc_w.l(handlers.o)
    0x080085c4   0x0000000e   Code   RO         1000    i.__scatterload_zeroinit  mc_w.l(handlers.o)
    0x080085d2   0x00000002   PAD
    0x080085d4   0x0000000c   Code   RO          980    i.__set_errno       mc_w.l(errno.o)
    0x080085e0   0x0000027c   Code   RO          871    i.asin              m_ws.l(asin.o)
    0x0800885c   0x00000224   Code   RO          934    i.atan              m_ws.l(atan.o)
    0x08008a80   0x00000180   Code   RO          881    i.atan2             m_ws.l(atan2.o)
    0x08008c00   0x0000004c   Code   RO          951    i.sqrt              m_ws.l(sqrt.o)
    0x08008c4c   0x00000bbb   Data   RO          580    .constdata          oled.o
    0x08009807   0x00000001   PAD
    0x08009808   0x00000050   Data   RO          872    .constdata          m_ws.l(asin.o)
    0x08009858   0x00000098   Data   RO          935    .constdata          m_ws.l(atan.o)
    0x080098f0   0x00000008   Data   RO          949    .constdata          m_ws.l(qnan.o)
    0x080098f8   0x00000020   Data   RO          996    Region$$Table       anon$$obj.o


    Execution Region RW_IRAM1 (Base: 0x20000000, Size: 0x00000c68, Max: 0x0000c000, ABSOLUTE, COMPRESSED[0x00000238])

    Base Addr    Size         Type   Attr      Idx    E Section Name        Object

    0x20000000   0x00000014   Data   RW           18    .data               system_stm32f10x.o
    0x20000014   0x00000014   Data   RW          318    .data               stm32f10x_rcc.o
    0x20000028   0x00000002   Data   RW          513    .data               adc.o
    0x2000002a   0x00000004   Data   RW          531    .data               led.o
    0x2000002e   0x00000300   Data   RW          581    .data               oled.o
    0x2000032e   0x00000004   Data   RW          645    .data               delay.o
    0x20000332   0x00000002   PAD
    0x20000334   0x00000008   Data   RW          659    .data               eeprom.o
    0x2000033c   0x00000004   PAD
    0x20000340   0x0000005c   Data   RW          676    .data               ms5611.o
    0x2000039c   0x00000011   Data   RW          692    .data               mpu6050.o
    0x200003ad   0x00000003   PAD
    0x200003b0   0x0000001e   Data   RW          712    .data               hmc5883.o
    0x200003ce   0x0000000a   Data   RW          730    .data               nrf24l01.o
    0x200003d8   0x0000002a   Data   RW          746    .data               tim_pwm_in.o
    0x20000402   0x00000006   Data   RW          781    .data               stm32f10x_it.o
    0x20000408   0x0000006c   Data   RW          800    .data               imu.o
    0x20000474   0x00000005   Data   RW          819    .data               app.o
    0x20000479   0x00000001   PAD
    0x2000047a   0x0000001e   Data   RW          834    .data               param.o
    0x20000498   0x0000001c   Data   RW          853    .data               control.o
    0x200004b4   0x00000004   Data   RW          981    .data               mc_w.l(errno.o)
    0x200004b8   0x00000094   Zero   RW          675    .bss                ms5611.o
    0x2000054c   0x00000056   Zero   RW          691    .bss                mpu6050.o
    0x200005a2   0x0000003c   Zero   RW          711    .bss                hmc5883.o
    0x200005de   0x0000002e   Zero   RW          745    .bss                tim_pwm_in.o
    0x2000060c   0x00000032   Zero   RW          780    .bss                stm32f10x_it.o
    0x2000063e   0x00000002   PAD
    0x20000640   0x000000fc   Zero   RW          799    .bss                imu.o
    0x2000073c   0x00000050   Zero   RW          818    .bss                app.o
    0x2000078c   0x000000dc   Zero   RW          852    .bss                control.o
    0x20000868   0x00000400   Zero   RW          114    STACK               startup_stm32f10x_hd.o


==============================================================================

Image component sizes


      Code (inc. data)   RO Data    RW Data    ZI Data      Debug   Object Name

       280         16          0          2          0       1409   adc.o
       416          4          0          0          0       1864   algorithm_filter.o
       408         24          0          0          0       2657   algorithm_math.o
       724        220          0          5         80       1675   app.o
      2004         72          0         28        220       2681   control.o
         0          0          0          0          0       4292   core_cm3.o
       196          8          0          4          0       1145   delay.o
      1248         44          0          8          0       5014   eeprom.o
       432         62          0         30         60       1851   hmc5883.o
       780          4          0          0          0       3114   i2c.o
      2092        120          0        108        252       3157   imu.o
       348          4          0          0          0       1258   key.o
       232         18          0          4          0        763   led.o
        64          8          0          0          0        443   main.o
       220         20          0          0          0       1761   misc.o
       296         12          0          0          0       1085   moto.o
      1540         74          0         17         86       3773   mpu6050.o
      1144         96          0         92        148       3597   ms5611.o
       712         26          0         10          0       3355   nrf24l01.o
      4008         44       3003        768          0      13268   oled.o
       256         50          0         30          0       1239   param.o
       344         12          0          0          0       1139   spi.o
        36          8        304          0       1024        788   startup_stm32f10x_hd.o
      1102         26          0          0          0      10793   stm32f10x_adc.o
       592          8          0          0          0       4294   stm32f10x_dma.o
      1468         34          0          0          0       7998   stm32f10x_flash.o
       864         40          0          0          0       5789   stm32f10x_gpio.o
       520         54          0          6         50       2376   stm32f10x_it.o
       932         44          0         20          0       8764   stm32f10x_rcc.o
       780         14          0          0          0       6486   stm32f10x_spi.o
      3610         88          0          0          0      22092   stm32f10x_tim.o
      1032         22          0          0          0       8332   stm32f10x_usart.o
       476         36          0         20          0     282171   system_stm32f10x.o
      1100         40          0         42         46       2695   tim_pwm_in.o
       180          6          0          0          0        734   time.o
       732         22          0          0          0       4770   usart.o

    ----------------------------------------------------------------------
     31172       1380       3340       1204       1968     428622   Object Totals
         0          0         32          0          0          0   (incl. Generated)
         4          0          1         10          2          0   (incl. Padding)

    ----------------------------------------------------------------------

      Code (inc. data)   RO Data    RW Data    ZI Data      Debug   Library Member Name

       636         52         80          0          0        168   asin.o
       548         70        152          0          0        124   atan.o
       384         38          0          0          0        144   atan2.o
        16          6          0          0          0         68   dunder.o
        40          0          0          0          0         68   fpclassify.o
       170          0          0          0          0         96   poly.o
         0          0          8          0          0          0   qnan.o
        76          0          0          0          0         84   sqrt.o
        92          0          0          0          0          0   __dczerorl2.o
         0          0          0          0          0          0   entry.o
         0          0          0          0          0          0   entry10a.o
         0          0          0          0          0          0   entry11a.o
         8          4          0          0          0          0   entry2.o
         4          0          0          0          0          0   entry5.o
         0          0          0          0          0          0   entry7b.o
         0          0          0          0          0          0   entry8b.o
         8          4          0          0          0          0   entry9a.o
        12          6          0          4          0         68   errno.o
        30          0          0          0          0          0   handlers.o
        36          8          0          0          0         68   init.o
         0          0          0          0          0          0   iusefp.o
        30          0          0          0          0         68   llshl.o
        36          0          0          0          0         68   llsshr.o
        32          0          0          0          0         68   llushr.o
        98          0          0          0          0         92   uldiv.o
        40          2          0          0          0         68   cdcmple.o
        20          0          0          0          0         68   cfcmple.o
        20          0          0          0          0         68   cfrcmple.o
        56          0          0          0          0         88   d2f.o
       334          0          0          0          0        148   dadd.o
       222          0          0          0          0        100   ddiv.o
       190          0          0          0          0        176   depilogue.o
        62          0          0          0          0         80   dfixi.o
        50          0          0          0          0         76   dfixui.o
        34          0          0          0          0         76   dflti.o
        26          0          0          0          0         76   dfltui.o
        24          0          0          0          0         76   dfltul.o
       228          0          0          0          0         96   dmul.o
        46          0          0          0          0         80   dscalb.o
       162          0          0          0          0        100   dsqrt.o
        38          0          0          0          0         68   f2d.o
       176          0          0          0          0        140   fadd.o
       128          0          0          0          0         88   fdiv.o
       108          0          0          0          0        168   fepilogue.o
        50          0          0          0          0         68   ffixi.o
        18          0          0          0          0         68   fflti.o
        10          0          0          0          0         68   ffltui.o
        28          0          0          0          0         84   ffltul.o
       108          0          0          0          0         76   fmul.o

    ----------------------------------------------------------------------
      4440        190        240          4          0       3388   Library Totals
         6          0          0          0          0          0   (incl. Padding)

    ----------------------------------------------------------------------

      Code (inc. data)   RO Data    RW Data    ZI Data      Debug   Library Name

      1870        166        240          0          0        752   m_ws.l
       386         22          0          4          0        432   mc_w.l
      2178          2          0          0          0       2204   mf_w.l

    ----------------------------------------------------------------------
      4440        190        240          4          0       3388   Library Totals

    ----------------------------------------------------------------------

==============================================================================


      Code (inc. data)   RO Data    RW Data    ZI Data      Debug   

     35612       1570       3580       1208       1968     427330   Grand Totals
     35612       1570       3580        568       1968     427330   ELF Image Totals (compressed)
     35612       1570       3580        568          0          0   ROM Totals

==============================================================================

    Total RO  Size (Code + RO Data)                39192 (  38.27kB)
    Total RW  Size (RW Data + ZI Data)              3176 (   3.10kB)
    Total ROM Size (Code + RO Data + RW Data)      39760 (  38.83kB)

==============================================================================

